// Jest Snapshot v1, https://goo.gl/fbAQLP

exports[`ReportRendererAxe with aXe renders without axe violations 1`] = `
Array [
  Object {
    "id": "color-contrast",
    "message": "Fix any of the following:
  Element has insufficient color contrast of 4.22 (foreground color: #777778, background color: #f8f9fa, font size: 8.1pt (10.8px), font weight: normal). Expected contrast ratio of 4.5:1
Fix any of the following:
  Element has insufficient color contrast of 4.22 (foreground color: #777778, background color: #f8f9fa, font size: 8.1pt (10.8px), font weight: normal). Expected contrast ratio of 4.5:1
Fix any of the following:
  Element has insufficient color contrast of 4.22 (foreground color: #777778, background color: #f8f9fa, font size: 8.1pt (10.8px), font weight: normal). Expected contrast ratio of 4.5:1
Fix any of the following:
  Element has insufficient color contrast of 4.22 (foreground color: #777778, background color: #f8f9fa, font size: 8.1pt (10.8px), font weight: normal). Expected contrast ratio of 4.5:1
Fix any of the following:
  Element has insufficient color contrast of 4.03 (foreground color: #707273, background color: #e7ebee, font size: 8.1pt (10.8px), font weight: normal). Expected contrast ratio of 4.5:1
Fix any of the following:
  Element has insufficient color contrast of 4.03 (foreground color: #707273, background color: #e7ebee, font size: 8.1pt (10.8px), font weight: normal). Expected contrast ratio of 4.5:1
Fix any of the following:
  Element has insufficient color contrast of 4.16 (foreground color: #757576, background color: #f2f4f6, font size: 8.1pt (10.8px), font weight: normal). Expected contrast ratio of 4.5:1
Fix any of the following:
  Element has insufficient color contrast of 4.03 (foreground color: #707273, background color: #e7ebee, font size: 8.1pt (10.8px), font weight: normal). Expected contrast ratio of 4.5:1
Fix any of the following:
  Element has insufficient color contrast of 4.22 (foreground color: #777778, background color: #f8f9fa, font size: 8.1pt (10.8px), font weight: normal). Expected contrast ratio of 4.5:1
Fix any of the following:
  Element has insufficient color contrast of 4.09 (foreground color: #727375, background color: #eceff2, font size: 8.1pt (10.8px), font weight: normal). Expected contrast ratio of 4.5:1
Fix any of the following:
  Element has insufficient color contrast of 2.44 (foreground color: #999a9b, background color: #eceff2, font size: 8.1pt (10.8px), font weight: normal). Expected contrast ratio of 4.5:1
Fix any of the following:
  Element has insufficient color contrast of 2.44 (foreground color: #999a9b, background color: #eceff2, font size: 8.1pt (10.8px), font weight: normal). Expected contrast ratio of 4.5:1
Fix any of the following:
  Element has insufficient color contrast of 4.16 (foreground color: #757576, background color: #f2f4f6, font size: 8.1pt (10.8px), font weight: normal). Expected contrast ratio of 4.5:1
Fix any of the following:
  Element has insufficient color contrast of 4.22 (foreground color: #777778, background color: #f8f9fa, font size: 8.1pt (10.8px), font weight: normal). Expected contrast ratio of 4.5:1
Fix any of the following:
  Element has insufficient color contrast of 4.22 (foreground color: #777778, background color: #f8f9fa, font size: 8.1pt (10.8px), font weight: normal). Expected contrast ratio of 4.5:1
Fix any of the following:
  Element has insufficient color contrast of 4.09 (foreground color: #727375, background color: #eceff2, font size: 8.1pt (10.8px), font weight: normal). Expected contrast ratio of 4.5:1
Fix any of the following:
  Element has insufficient color contrast of 4.03 (foreground color: #707273, background color: #e7ebee, font size: 8.1pt (10.8px), font weight: normal). Expected contrast ratio of 4.5:1
Fix any of the following:
  Element has insufficient color contrast of 4.03 (foreground color: #707273, background color: #e7ebee, font size: 8.1pt (10.8px), font weight: normal). Expected contrast ratio of 4.5:1
Fix any of the following:
  Element has insufficient color contrast of 4.16 (foreground color: #757576, background color: #f2f4f6, font size: 8.1pt (10.8px), font weight: normal). Expected contrast ratio of 4.5:1
Fix any of the following:
  Element has insufficient color contrast of 4.03 (foreground color: #707273, background color: #e7ebee, font size: 8.1pt (10.8px), font weight: normal). Expected contrast ratio of 4.5:1
Fix any of the following:
  Element has insufficient color contrast of 4.22 (foreground color: #777778, background color: #f8f9fa, font size: 8.1pt (10.8px), font weight: normal). Expected contrast ratio of 4.5:1
Fix any of the following:
  Element has insufficient color contrast of 4.03 (foreground color: #707273, background color: #e7ebee, font size: 8.1pt (10.8px), font weight: normal). Expected contrast ratio of 4.5:1
Fix any of the following:
  Element has insufficient color contrast of 4.03 (foreground color: #707273, background color: #e7ebee, font size: 8.1pt (10.8px), font weight: normal). Expected contrast ratio of 4.5:1
Fix any of the following:
  Element has insufficient color contrast of 3.98 (foreground color: #6f7072, background color: #e3e7eb, font size: 8.1pt (10.8px), font weight: normal). Expected contrast ratio of 4.5:1
Fix any of the following:
  Element has insufficient color contrast of 4.03 (foreground color: #707273, background color: #e7ebee, font size: 8.1pt (10.8px), font weight: normal). Expected contrast ratio of 4.5:1
Fix any of the following:
  Element has insufficient color contrast of 4.09 (foreground color: #727375, background color: #eceff2, font size: 8.1pt (10.8px), font weight: normal). Expected contrast ratio of 4.5:1
Fix any of the following:
  Element has insufficient color contrast of 4.16 (foreground color: #757576, background color: #f2f4f6, font size: 8.1pt (10.8px), font weight: normal). Expected contrast ratio of 4.5:1
Fix any of the following:
  Element has insufficient color contrast of 4.09 (foreground color: #727375, background color: #eceff2, font size: 8.1pt (10.8px), font weight: normal). Expected contrast ratio of 4.5:1
Fix any of the following:
  Element has insufficient color contrast of 4.22 (foreground color: #777778, background color: #f8f9fa, font size: 8.1pt (10.8px), font weight: normal). Expected contrast ratio of 4.5:1
Fix any of the following:
  Element has insufficient color contrast of 4.38 (foreground color: #0066ff, background color: #f2f4f6, font size: 10.5pt (14px), font weight: normal). Expected contrast ratio of 4.5:1
Fix any of the following:
  Element has insufficient color contrast of 4.03 (foreground color: #707273, background color: #e7ebee, font size: 8.1pt (10.8px), font weight: normal). Expected contrast ratio of 4.5:1
Fix any of the following:
  Element has insufficient color contrast of 3.98 (foreground color: #6f7072, background color: #e3e7eb, font size: 8.1pt (10.8px), font weight: normal). Expected contrast ratio of 4.5:1
Fix any of the following:
  Element has insufficient color contrast of 4.17 (foreground color: #757575, background color: #f2f4f6, font size: 10.5pt (14px), font weight: normal). Expected contrast ratio of 4.5:1
Fix any of the following:
  Element has insufficient color contrast of 4.3 (foreground color: #7a7a7a, background color: #ffffff, font size: 8.1pt (10.8px), font weight: normal). Expected contrast ratio of 4.5:1
Fix any of the following:
  Element has insufficient color contrast of 4.16 (foreground color: #757576, background color: #f2f4f6, font size: 8.1pt (10.8px), font weight: normal). Expected contrast ratio of 4.5:1
Fix any of the following:
  Element has insufficient color contrast of 4.03 (foreground color: #707273, background color: #e7ebee, font size: 8.1pt (10.8px), font weight: normal). Expected contrast ratio of 4.5:1
Fix any of the following:
  Element has insufficient color contrast of 4.09 (foreground color: #727375, background color: #eceff2, font size: 8.1pt (10.8px), font weight: normal). Expected contrast ratio of 4.5:1
Fix any of the following:
  Element has insufficient color contrast of 3.98 (foreground color: #6f7072, background color: #e3e7eb, font size: 8.1pt (10.8px), font weight: normal). Expected contrast ratio of 4.5:1
Fix any of the following:
  Element has insufficient color contrast of 4.09 (foreground color: #727375, background color: #eceff2, font size: 8.1pt (10.8px), font weight: normal). Expected contrast ratio of 4.5:1
Fix any of the following:
  Element has insufficient color contrast of 4.17 (foreground color: #757575, background color: #f2f4f6, font size: 10.5pt (14px), font weight: normal). Expected contrast ratio of 4.5:1
Fix any of the following:
  Element has insufficient color contrast of 4.38 (foreground color: #0066ff, background color: #f2f4f6, font size: 10.5pt (14px), font weight: normal). Expected contrast ratio of 4.5:1
Fix any of the following:
  Element has insufficient color contrast of 4.17 (foreground color: #757575, background color: #f2f4f6, font size: 10.5pt (14px), font weight: normal). Expected contrast ratio of 4.5:1
Fix any of the following:
  Element has insufficient color contrast of 4.03 (foreground color: #0066ff, background color: #e7ebee, font size: 10.5pt (14px), font weight: normal). Expected contrast ratio of 4.5:1
Fix any of the following:
  Element has insufficient color contrast of 3.84 (foreground color: #757575, background color: #e7ebee, font size: 10.5pt (14px), font weight: normal). Expected contrast ratio of 4.5:1
Fix any of the following:
  Element has insufficient color contrast of 4.37 (foreground color: #757575, background color: #f8f9fa, font size: 10.5pt (14px), font weight: normal). Expected contrast ratio of 4.5:1
Fix any of the following:
  Element has insufficient color contrast of 4.38 (foreground color: #0066ff, background color: #f2f4f6, font size: 10.5pt (14px), font weight: normal). Expected contrast ratio of 4.5:1
Fix any of the following:
  Element has insufficient color contrast of 3.98 (foreground color: #6f7072, background color: #e3e7eb, font size: 8.1pt (10.8px), font weight: normal). Expected contrast ratio of 4.5:1
Fix any of the following:
  Element has insufficient color contrast of 4.09 (foreground color: #727375, background color: #eceff2, font size: 8.1pt (10.8px), font weight: normal). Expected contrast ratio of 4.5:1
Fix any of the following:
  Element has insufficient color contrast of 4.16 (foreground color: #757576, background color: #f2f4f6, font size: 8.1pt (10.8px), font weight: normal). Expected contrast ratio of 4.5:1
Fix any of the following:
  Element has insufficient color contrast of 4.22 (foreground color: #777778, background color: #f8f9fa, font size: 8.1pt (10.8px), font weight: normal). Expected contrast ratio of 4.5:1
Fix any of the following:
  Element has insufficient color contrast of 4.16 (foreground color: #757576, background color: #f2f4f6, font size: 8.1pt (10.8px), font weight: normal). Expected contrast ratio of 4.5:1
Fix any of the following:
  Element has insufficient color contrast of 4.09 (foreground color: #727375, background color: #eceff2, font size: 8.1pt (10.8px), font weight: normal). Expected contrast ratio of 4.5:1
Fix any of the following:
  Element has insufficient color contrast of 4.16 (foreground color: #757576, background color: #f2f4f6, font size: 8.1pt (10.8px), font weight: normal). Expected contrast ratio of 4.5:1
Fix any of the following:
  Element has insufficient color contrast of 4.38 (foreground color: #0066ff, background color: #f2f4f6, font size: 10.5pt (14px), font weight: normal). Expected contrast ratio of 4.5:1
Fix any of the following:
  Element has insufficient color contrast of 4.21 (foreground color: #008800, background color: #f2f4f6, font size: 10.5pt (14px), font weight: normal). Expected contrast ratio of 4.5:1
Fix any of the following:
  Element has insufficient color contrast of 4.22 (foreground color: #777778, background color: #f8f9fa, font size: 8.1pt (10.8px), font weight: normal). Expected contrast ratio of 4.5:1
Fix any of the following:
  Element has insufficient color contrast of 4.4 (foreground color: #008800, background color: #f8f9fa, font size: 10.5pt (14px), font weight: normal). Expected contrast ratio of 4.5:1
Fix any of the following:
  Element has insufficient color contrast of 4.37 (foreground color: #757575, background color: #f8f9fa, font size: 10.5pt (14px), font weight: normal). Expected contrast ratio of 4.5:1
Fix any of the following:
  Element has insufficient color contrast of 4.22 (foreground color: #777778, background color: #f8f9fa, font size: 8.1pt (10.8px), font weight: normal). Expected contrast ratio of 4.5:1
Fix any of the following:
  Element has insufficient color contrast of 4.09 (foreground color: #727375, background color: #eceff2, font size: 8.1pt (10.8px), font weight: normal). Expected contrast ratio of 4.5:1
Fix any of the following:
  Element has insufficient color contrast of 4.22 (foreground color: #777778, background color: #f8f9fa, font size: 8.1pt (10.8px), font weight: normal). Expected contrast ratio of 4.5:1
Fix any of the following:
  Element has insufficient color contrast of 4.22 (foreground color: #777778, background color: #f8f9fa, font size: 8.1pt (10.8px), font weight: normal). Expected contrast ratio of 4.5:1
Fix any of the following:
  Element has insufficient color contrast of 4.22 (foreground color: #777778, background color: #f8f9fa, font size: 8.1pt (10.8px), font weight: normal). Expected contrast ratio of 4.5:1
Fix any of the following:
  Element has insufficient color contrast of 4.22 (foreground color: #777778, background color: #f8f9fa, font size: 8.1pt (10.8px), font weight: normal). Expected contrast ratio of 4.5:1
Fix any of the following:
  Element has insufficient color contrast of 4.22 (foreground color: #777778, background color: #f8f9fa, font size: 8.1pt (10.8px), font weight: normal). Expected contrast ratio of 4.5:1
Fix any of the following:
  Element has insufficient color contrast of 4.22 (foreground color: #777778, background color: #f8f9fa, font size: 8.1pt (10.8px), font weight: normal). Expected contrast ratio of 4.5:1
Fix any of the following:
  Element has insufficient color contrast of 4.22 (foreground color: #777778, background color: #f8f9fa, font size: 8.1pt (10.8px), font weight: normal). Expected contrast ratio of 4.5:1
Fix any of the following:
  Element has insufficient color contrast of 4.4 (foreground color: #008800, background color: #f8f9fa, font size: 10.5pt (14px), font weight: normal). Expected contrast ratio of 4.5:1
Fix any of the following:
  Element has insufficient color contrast of 4.4 (foreground color: #008800, background color: #f8f9fa, font size: 10.5pt (14px), font weight: normal). Expected contrast ratio of 4.5:1
Fix any of the following:
  Element has insufficient color contrast of 2.44 (foreground color: #999a9b, background color: #eceff2, font size: 8.1pt (10.8px), font weight: normal). Expected contrast ratio of 4.5:1
Fix any of the following:
  Element has insufficient color contrast of 4.18 (foreground color: #0066ff, background color: #eceff2, font size: 10.5pt (14px), font weight: normal). Expected contrast ratio of 4.5:1
Fix any of the following:
  Element has insufficient color contrast of 4.38 (foreground color: #0066ff, background color: #f2f4f6, font size: 10.5pt (14px), font weight: normal). Expected contrast ratio of 4.5:1
Fix any of the following:
  Element has insufficient color contrast of 4.17 (foreground color: #757575, background color: #f2f4f6, font size: 9.0pt (12px), font weight: normal). Expected contrast ratio of 4.5:1
Fix any of the following:
  Element has insufficient color contrast of 4.38 (foreground color: #0066ff, background color: #f2f4f6, font size: 9.0pt (12px), font weight: normal). Expected contrast ratio of 4.5:1
Fix any of the following:
  Element has insufficient color contrast of 4.16 (foreground color: #757576, background color: #f2f4f6, font size: 8.1pt (10.8px), font weight: normal). Expected contrast ratio of 4.5:1
Fix any of the following:
  Element has insufficient color contrast of 4.22 (foreground color: #777778, background color: #f8f9fa, font size: 8.1pt (10.8px), font weight: normal). Expected contrast ratio of 4.5:1
Fix any of the following:
  Element has insufficient color contrast of 4.16 (foreground color: #757576, background color: #f2f4f6, font size: 8.1pt (10.8px), font weight: normal). Expected contrast ratio of 4.5:1
Fix any of the following:
  Element has insufficient color contrast of 4.16 (foreground color: #757576, background color: #f2f4f6, font size: 8.1pt (10.8px), font weight: normal). Expected contrast ratio of 4.5:1
Fix any of the following:
  Element has insufficient color contrast of 4.16 (foreground color: #757576, background color: #f2f4f6, font size: 8.1pt (10.8px), font weight: normal). Expected contrast ratio of 4.5:1
Fix any of the following:
  Element has insufficient color contrast of 4.38 (foreground color: #0066ff, background color: #f2f4f6, font size: 10.5pt (14px), font weight: normal). Expected contrast ratio of 4.5:1
Fix any of the following:
  Element has insufficient color contrast of 4.16 (foreground color: #757576, background color: #f2f4f6, font size: 8.1pt (10.8px), font weight: normal). Expected contrast ratio of 4.5:1
Fix any of the following:
  Element has insufficient color contrast of 4.09 (foreground color: #727375, background color: #eceff2, font size: 8.1pt (10.8px), font weight: normal). Expected contrast ratio of 4.5:1
Fix any of the following:
  Element has insufficient color contrast of 4.3 (foreground color: #7a7a7a, background color: #ffffff, font size: 8.1pt (10.8px), font weight: normal). Expected contrast ratio of 4.5:1
Fix any of the following:
  Element has insufficient color contrast of 4.22 (foreground color: #777778, background color: #f8f9fa, font size: 8.1pt (10.8px), font weight: normal). Expected contrast ratio of 4.5:1
Fix any of the following:
  Element has insufficient color contrast of 4.3 (foreground color: #7a7a7a, background color: #ffffff, font size: 8.1pt (10.8px), font weight: normal). Expected contrast ratio of 4.5:1
Fix any of the following:
  Element has insufficient color contrast of 4.22 (foreground color: #777778, background color: #f8f9fa, font size: 8.1pt (10.8px), font weight: normal). Expected contrast ratio of 4.5:1
Fix any of the following:
  Element has insufficient color contrast of 4.38 (foreground color: #0066ff, background color: #f2f4f6, font size: 10.5pt (14px), font weight: normal). Expected contrast ratio of 4.5:1
Fix any of the following:
  Element has insufficient color contrast of 4.38 (foreground color: #0066ff, background color: #f2f4f6, font size: 10.5pt (14px), font weight: normal). Expected contrast ratio of 4.5:1
Fix any of the following:
  Element has insufficient color contrast of 4.37 (foreground color: #757575, background color: #f8f9fa, font size: 9.0pt (12px), font weight: normal). Expected contrast ratio of 4.5:1
Fix any of the following:
  Element has insufficient color contrast of 4.4 (foreground color: #008800, background color: #f8f9fa, font size: 10.5pt (14px), font weight: normal). Expected contrast ratio of 4.5:1",
  },
  Object {
    "id": "duplicate-id",
    "message": "Fix any of the following:
  Document has multiple static elements with the same id attribute: viewport
Fix any of the following:
  Document has multiple static elements with the same id attribute: image-alt
Fix any of the following:
  Document has multiple static elements with the same id attribute: document-title",
  },
]
`;
